<html>
<body>
<pre>
<h1>µVision Build Log</h1>
<h2>Tool Versions:</h2>
IDE-Version: µVision V5.30.0.0
Copyright (C) 2020 ARM Ltd and ARM Germany GmbH. All rights reserved.
License Information: ali ali, ali, LIC=BUUUH-WCUYX-DY6V3-A7SJ6-C0LQP-29NZW
 
Tool Versions:
Toolchain:       MDK-ARM Plus  Version: 5.30.0.0
Toolchain Path:  C:\Keil_v5\ARM\ARMCC\Bin
C Compiler:      Armcc.exe V5.06 update 6 (build 750)
Assembler:       Armasm.exe V5.06 update 6 (build 750)
Linker/Locator:  ArmLink.exe V5.06 update 6 (build 750)
Library Manager: ArmAr.exe V5.06 update 6 (build 750)
Hex Converter:   FromElf.exe V5.06 update 6 (build 750)
CPU DLL:         SARMCM3.DLL V5.30.0.0
Dialog DLL:      DARMCM1.DLL V1.19.3.0
Target DLL:      STLink\ST-LINKIII-KEIL_SWO.dll V3.0.7.0
Dialog DLL:      TARMCM1.DLL V1.14.2.0
 
<h2>Project:</h2>
D:\SOFTWARES\my works\STM32\RFID - Copy (2)\RFID\MDK-ARM\RFID.uvprojx
Project File Date:  08/10/2020

<h2>Output:</h2>
*** Using Compiler 'V5.06 update 6 (build 750)', folder: 'C:\Keil_v5\ARM\ARMCC\Bin'
Rebuild target 'RFID'
assembling startup_stm32f030x6.s...
compiling spi.c...
compiling i2c.c...
compiling gpio.c...
compiling stm32f0xx_hal_msp.c...
compiling stm32f0xx_it.c...
compiling stm32f0xx_hal_i2c_ex.c...
compiling usart.c...
compiling stm32f0xx_hal_spi_ex.c...
compiling main.c...
../Src/main.c(755): warning:  #111-D: statement is unreachable
  				break;
../Src/main.c(760): warning:  #186-D: pointless comparison of unsigned integer with zero
  		if (currentLevelKnownBits < 0) {
../Src/main.c(1163): warning:  #111-D: statement is unreachable
  		case STATUS_OK:							return "Success.";                                       break;
../Src/main.c(1164): warning:  #111-D: statement is unreachable
  		case STATUS_ERROR:					return "Error in communication.";                        break;
../Src/main.c(1165): warning:  #111-D: statement is unreachable
  		case STATUS_COLLISION:			return "Collission detected."; 													 break;
../Src/main.c(1166): warning:  #111-D: statement is unreachable
  		case STATUS_TIMEOUT:				return "Timeout in communication."; 									   break;
../Src/main.c(1167): warning:  #111-D: statement is unreachable
  		case STATUS_NO_ROOM:				return "A buffer is not big enough."; 									 break;
../Src/main.c(1168): warning:  #111-D: statement is unreachable
  		case STATUS_INTERNAL_ERROR:	return "Internal error in the code. Should not happen."; break;
../Src/main.c(1169): warning:  #111-D: statement is unreachable
  		case STATUS_INVALID:				return "Invalid argument.";                              break;
../Src/main.c(1170): warning:  #111-D: statement is unreachable
  		case STATUS_CRC_WRONG:			return "The CRC_A does not match.";                      break;
../Src/main.c(1171): warning:  #111-D: statement is unreachable
  		case STATUS_MIFARE_NACK:		return "A MIFARE PICC responded with NAK.";              break;
../Src/main.c(1172): warning:  #111-D: statement is unreachable
  		default:										return "Unknown error";                                  break;
../Src/main.c(1188): warning:  #111-D: statement is unreachable
  		case 0x09:	return PICC_TYPE_MIFARE_MINI;	break;
../Src/main.c(1189): warning:  #111-D: statement is unreachable
  		case 0x08:	return PICC_TYPE_MIFARE_1K;		break;
../Src/main.c(1190): warning:  #111-D: statement is unreachable
  		case 0x18:	return PICC_TYPE_MIFARE_4K;		break;
../Src/main.c(1191): warning:  #111-D: statement is unreachable
  		case 0x00:	return PICC_TYPE_MIFARE_UL;		break;
../Src/main.c(1193): warning:  #111-D: statement is unreachable
  		case 0x11:	return PICC_TYPE_MIFARE_PLUS;	break;
../Src/main.c(1194): warning:  #111-D: statement is unreachable
  		case 0x01:	return PICC_TYPE_TNP3XXX;		break;
../Src/main.c(1216): warning:  #111-D: statement is unreachable
  		case PICC_TYPE_ISO_14443_4:			return "PICC compliant with ISO/IEC 14443-4";			break;
../Src/main.c(1217): warning:  #111-D: statement is unreachable
  		case PICC_TYPE_ISO_18092:				return "PICC compliant with ISO/IEC 18092 (NFC)";	break;
../Src/main.c(1218): warning:  #111-D: statement is unreachable
  		case PICC_TYPE_MIFARE_MINI:			return "MIFARE Mini, 320 uint8_ts";								break;
../Src/main.c(1219): warning:  #111-D: statement is unreachable
  		case PICC_TYPE_MIFARE_1K:				return "MIFARE 1KB";															break;
../Src/main.c(1220): warning:  #111-D: statement is unreachable
  		case PICC_TYPE_MIFARE_4K:				return "MIFARE 4KB";															break;
../Src/main.c(1221): warning:  #111-D: statement is unreachable
  		case PICC_TYPE_MIFARE_UL:				return "MIFARE Ultralight or Ultralight C";				break;
../Src/main.c(1222): warning:  #111-D: statement is unreachable
  		case PICC_TYPE_MIFARE_PLUS:			return "MIFARE Plus";															break;
../Src/main.c(1223): warning:  #111-D: statement is unreachable
  		case PICC_TYPE_TNP3XXX:					return "MIFARE TNP3XXX";													break;
../Src/main.c(1224): warning:  #111-D: statement is unreachable
  		case PICC_TYPE_NOT_COMPLETE:		return "SAK indicates UID is not complete.";			break;
../Src/main.c(1226): warning:  #111-D: statement is unreachable
  		default:												return "Unknown type";														break;
../Src/main.c(200): warning:  #177-D: variable "FIFO_SIZE"  was declared but never referenced
  static const uint8_t FIFO_SIZE = 64;		// The FIFO is 64 uint8_ts.
../Src/main.c: 29 warnings, 0 errors
compiling stm32f0xx_hal_tim.c...
compiling stm32f0xx_hal_tim_ex.c...
compiling stm32f0xx_hal_uart_ex.c...
compiling stm32f0xx_hal.c...
compiling stm32f0xx_hal_rcc_ex.c...
compiling stm32f0xx_hal_spi.c...
compiling stm32f0xx_hal_gpio.c...
compiling stm32f0xx_hal_rcc.c...
compiling stm32f0xx_hal_i2c.c...
compiling stm32f0xx_hal_uart.c...
compiling stm32f0xx_hal_cortex.c...
compiling stm32f0xx_hal_pwr_ex.c...
compiling stm32f0xx_hal_pwr.c...
compiling stm32f0xx_hal_dma.c...
compiling system_stm32f0xx.c...
compiling stm32f0xx_hal_flash.c...
compiling stm32f0xx_hal_flash_ex.c...
linking...
Program Size: Code=10976 RO-data=224 RW-data=40 ZI-data=1344  
FromELF: creating hex file...
"RFID\RFID.axf" - 0 Error(s), 29 Warning(s).

<h2>Software Packages used:</h2>

Package Vendor: ARM
                http://www.keil.com/pack/ARM.CMSIS.5.7.0.pack
                ARM.CMSIS.5.7.0
                CMSIS (Cortex Microcontroller Software Interface Standard)
   * Component: CORE Version: 5.4.0

Package Vendor: Keil
                http://www.keil.com/pack/Keil.STM32F0xx_DFP.2.1.0.pack
                Keil.STM32F0xx_DFP.2.1.0
                STMicroelectronics STM32F0 Series Device Support, Drivers and Examples

<h2>Collection of Component include folders:</h2>
  .\RTE\_RFID
  C:\Users\TANDIS\AppData\Local\Arm\Packs\ARM\CMSIS\5.7.0\CMSIS\Core\Include
  C:\Users\TANDIS\AppData\Local\Arm\Packs\Keil\STM32F0xx_DFP\2.1.0\Drivers\CMSIS\Device\ST\STM32F0xx\Include

<h2>Collection of Component Files used:</h2>

   * Component: ARM::CMSIS:CORE:5.4.0
Build Time Elapsed:  00:00:02
</pre>
</body>
</html>
